

================================================================
== Vitis HLS Report for 'feedforward_stream_Pipeline_VITIS_LOOP_359_6'
================================================================
* Date:           Sat Jun 14 16:46:20 2025

* Version:        2024.2 (Build 5238294 on Nov  8 2024)
* Project:        bnn_hls
* Solution:       hls (Vivado IP Flow Target)
* Product family: zynq
* Target device:  xc7z020-clg400-1


================================================================
== Performance Estimates
================================================================
+ Timing: 
    * Summary: 
    +--------+----------+----------+------------+
    |  Clock |  Target  | Estimated| Uncertainty|
    +--------+----------+----------+------------+
    |ap_clk  |  10.00 ns|  7.196 ns|     2.70 ns|
    +--------+----------+----------+------------+

+ Latency: 
    * Summary: 
    +---------+---------+----------+----------+-----+-----+------------------------------------------------+
    |  Latency (cycles) |  Latency (absolute) |  Interval |                    Pipeline                    |
    |   min   |   max   |    min   |    max   | min | max |                      Type                      |
    +---------+---------+----------+----------+-----+-----+------------------------------------------------+
    |       12|       12|  0.120 us|  0.120 us|   11|   11|  loop auto-rewind stp (delay=0 clock cycles(s))|
    +---------+---------+----------+----------+-----+-----+------------------------------------------------+

    + Detail: 
        * Instance: 
        N/A

        * Loop: 
        +--------------------+---------+---------+----------+-----------+-----------+------+----------+
        |                    |  Latency (cycles) | Iteration|  Initiation Interval  | Trip |          |
        |      Loop Name     |   min   |   max   |  Latency |  achieved |   target  | Count| Pipelined|
        +--------------------+---------+---------+----------+-----------+-----------+------+----------+
        |- VITIS_LOOP_359_6  |       10|       10|         2|          1|          1|    10|       yes|
        +--------------------+---------+---------+----------+-----------+-----------+------+----------+



================================================================
== Utilization Estimates
================================================================
* Summary: 
+-----------------+---------+-----+--------+-------+-----+
|       Name      | BRAM_18K| DSP |   FF   |  LUT  | URAM|
+-----------------+---------+-----+--------+-------+-----+
|DSP              |        -|    -|       -|      -|    -|
|Expression       |        -|    -|       0|     67|    -|
|FIFO             |        -|    -|       -|      -|    -|
|Instance         |        -|    -|       -|      -|    -|
|Memory           |        -|    -|       -|      -|    -|
|Multiplexer      |        -|    -|       0|     36|    -|
|Register         |        -|    -|      11|      -|    -|
+-----------------+---------+-----+--------+-------+-----+
|Total            |        0|    0|      11|    103|    0|
+-----------------+---------+-----+--------+-------+-----+
|Available        |      280|  220|  106400|  53200|    0|
+-----------------+---------+-----+--------+-------+-----+
|Utilization (%)  |        0|    0|      ~0|     ~0|    0|
+-----------------+---------+-----+--------+-------+-----+

+ Detail: 
    * Instance: 
    N/A

    * DSP: 
    N/A

    * Memory: 
    N/A

    * FIFO: 
    N/A

    * Expression: 
    +---------------------+----------+----+---+----+------------+------------+
    |    Variable Name    | Operation| DSP| FF| LUT| Bitwidth P0| Bitwidth P1|
    +---------------------+----------+----+---+----+------------+------------+
    |add_ln359_fu_65_p2   |         +|   0|  0|  13|           4|           1|
    |add_ln362_fu_87_p2   |         +|   0|  0|  39|          32|           8|
    |icmp_ln359_fu_59_p2  |      icmp|   0|  0|  13|           4|           4|
    |ap_enable_pp0        |       xor|   0|  0|   2|           1|           2|
    +---------------------+----------+----+---+----+------------+------------+
    |Total                |          |   0|  0|  67|          41|          15|
    +---------------------+----------+----+---+----+------------+------------+

    * Multiplexer: 
    +-------------------------+----+-----------+-----+-----------+
    |           Name          | LUT| Input Size| Bits| Total Bits|
    +-------------------------+----+-----------+-----+-----------+
    |ap_done_int              |   9|          2|    1|          2|
    |ap_enable_reg_pp0_iter1  |   9|          2|    1|          2|
    |ap_sig_allocacmp_i_2     |   9|          2|    4|          8|
    |i_fu_30                  |   9|          2|    4|          8|
    +-------------------------+----+-----------+-----+-----------+
    |Total                    |  36|          8|   10|         20|
    +-------------------------+----+-----------+-----+-----------+

    * Register: 
    +---------------------------------+---+----+-----+-----------+
    |               Name              | FF| LUT| Bits| Const Bits|
    +---------------------------------+---+----+-----+-----------+
    |ap_CS_fsm                        |  1|   0|    1|          0|
    |ap_done_reg                      |  1|   0|    1|          0|
    |ap_enable_reg_pp0_iter1          |  1|   0|    1|          0|
    |i_fu_30                          |  4|   0|    4|          0|
    |layer3_activations_addr_reg_104  |  4|   0|    4|          0|
    +---------------------------------+---+----+-----+-----------+
    |Total                            | 11|   0|   11|          0|
    +---------------------------------+---+----+-----+-----------+



================================================================
== Interface
================================================================
* Summary: 
+-----------------------------+-----+-----+------------+----------------------------------------------+--------------+
|          RTL Ports          | Dir | Bits|  Protocol  |                 Source Object                |    C Type    |
+-----------------------------+-----+-----+------------+----------------------------------------------+--------------+
|ap_clk                       |   in|    1|  ap_ctrl_hs|  feedforward_stream_Pipeline_VITIS_LOOP_359_6|  return value|
|ap_rst                       |   in|    1|  ap_ctrl_hs|  feedforward_stream_Pipeline_VITIS_LOOP_359_6|  return value|
|ap_start                     |   in|    1|  ap_ctrl_hs|  feedforward_stream_Pipeline_VITIS_LOOP_359_6|  return value|
|ap_done                      |  out|    1|  ap_ctrl_hs|  feedforward_stream_Pipeline_VITIS_LOOP_359_6|  return value|
|ap_idle                      |  out|    1|  ap_ctrl_hs|  feedforward_stream_Pipeline_VITIS_LOOP_359_6|  return value|
|ap_ready                     |  out|    1|  ap_ctrl_hs|  feedforward_stream_Pipeline_VITIS_LOOP_359_6|  return value|
|layer3_activations_address0  |  out|    4|   ap_memory|                            layer3_activations|         array|
|layer3_activations_ce0       |  out|    1|   ap_memory|                            layer3_activations|         array|
|layer3_activations_we0       |  out|    1|   ap_memory|                            layer3_activations|         array|
|layer3_activations_d0        |  out|   32|   ap_memory|                            layer3_activations|         array|
|layer3_activations_address1  |  out|    4|   ap_memory|                            layer3_activations|         array|
|layer3_activations_ce1       |  out|    1|   ap_memory|                            layer3_activations|         array|
|layer3_activations_q1        |   in|   32|   ap_memory|                            layer3_activations|         array|
+-----------------------------+-----+-----+------------+----------------------------------------------+--------------+

